[23:31:32] [INFO] Hotkeys armed (low-level hook). They fire only while TBH-Tool, the desktop, or TaskBarHero is focused — not in Chrome, Settings, or File Explorer. Run as Administrator if TaskBarHero still swallows shortcuts.
[23:31:32] [INFO] Windows Display Scaling: 1.00x (Standard 100% DPI).
[23:31:32] [INFO] Loading template assets...
[23:31:32] [INFO] Successfully cached 498 templates in memory.
[23:31:32] [INFO] TBH-Tool Automation Engine initialized (PVandAI). Screen Bounds: 1920x1080px. FailSafe=True
[23:31:34] [INFO] [+] PREPARING AUTOMATION: Please switch to your Game window in 3 seconds...
[23:31:34] [INFO]     Starting automation in: 3s...
[23:31:35] [INFO]     Starting automation in: 2s...
[23:31:36] [WARNING] [PAUSED] Automation engine paused.
[23:31:36] [INFO] [RESUMED] Automation engine resumed.
[23:31:36] [INFO]     Starting automation in: 1s...
[23:31:37] [INFO] [✓] Automation Engine Active!
[23:31:39] [INFO] [✓] Measured & Saved INVENTORY_REGION: left=685, top=510, width=199, height=103
[23:31:40] [INFO] 
Template:   item_20260817_232714.png [Item to Sell]
Confidence: 1.0000
Position:   (1432, 525)
Action:     Alt + Right-Click
[23:31:41] [INFO] Sales Section Capacity: 1/9 slots filled.
[23:31:41] [INFO] Placed for sale: item_20260817_232714.png [1/9]
[23:31:41] [INFO] 
Template:   boss_chest.png [BOSS REWARD CHEST]
Confidence: 0.9178
Position:   (1710, 911)
Action:     Left Click Open Boss Chest
[23:31:41] [WARNING] [PAUSED] Automation engine paused.
[23:31:42] [INFO] Opened chest: boss_chest.png
[23:31:45] [INFO] [UI Safeguard] Opening STASH panel (conf=1.000)...
[23:31:45] [INFO] 
Template:   stash_tab_icon.png [OPEN STASH TAB]
Confidence: 1.0000
Position:   (1545, 783)
Action:     Left Click UI Restore
[23:31:47] [INFO] [UI Safeguard] Opening CUBE panel (conf=1.000)...
[23:31:47] [INFO] 
Template:   cube_tab_icon.png [OPEN CUBE TAB]
Confidence: 1.0000
Position:   (1762, 783)
Action:     Left Click UI Restore
[23:31:50] [INFO] Loading template assets...
[23:31:50] [INFO] Successfully cached 499 templates in memory.
[23:31:50] [INFO] Reloaded 499 template assets into memory cache.
[23:31:53] [INFO] [Capture] Detected yellow slot frame (45x45px). Trimmed outer border -> Inner item crop: 41x41px.
[23:31:56] [INFO] Loading template assets...
[23:31:56] [INFO] Successfully cached 500 templates in memory.
[23:31:56] [INFO] Reloaded 500 template assets into memory cache.
[23:32:00] [INFO] Loading template assets...
[23:32:00] [INFO] Successfully cached 501 templates in memory.
[23:32:00] [INFO] Reloaded 501 template assets into memory cache.
[23:32:01] [WARNING] [STOPPED] Emergency Stop triggered!
[23:32:03] [INFO] Loading template assets...
[23:32:03] [INFO] Successfully cached 501 templates in memory.
[23:32:03] [INFO] Reloaded 501 template assets into memory cache.
[23:32:03] [INFO] Loading template assets...
[23:32:03] [INFO] Successfully cached 501 templates in memory.
[23:32:03] [INFO] Reloaded 501 template assets into memory cache.
[23:32:05] [INFO] Loading template assets...
[23:32:05] [INFO] Successfully cached 501 templates in memory.
[23:32:05] [INFO] Reloaded 501 template assets into memory cache.
[23:32:07] [INFO] [+] PREPARING AUTOMATION: Please switch to your Game window in 3 seconds...
[23:32:07] [INFO]     Starting automation in: 3s...
[23:32:08] [INFO]     Starting automation in: 2s...
[23:32:09] [INFO]     Starting automation in: 1s...
[23:32:10] [INFO] [✓] Automation Engine Active!
[23:32:13] [INFO] 
Template:   standard_chest.png [STANDARD REWARD CHEST]
Confidence: 0.9278
Position:   (1750, 910)
Action:     Left Click Open Chest
[23:32:14] [INFO] Opened chest: standard_chest.png
[23:32:17] [WARNING] [PAUSED] Automation engine paused.
[23:32:17] [INFO] [UI Safeguard] Opening STASH panel (conf=1.000)...
[23:32:17] [INFO] 
Template:   stash_tab_icon.png [OPEN STASH TAB]
Confidence: 1.0000
Position:   (1545, 783)
Action:     Left Click UI Restore
[23:32:19] [INFO] [UI Safeguard] Opening CUBE panel (conf=1.000)...
[23:32:19] [INFO] 
Template:   cube_tab_icon.png [OPEN CUBE TAB]
Confidence: 1.0000
Position:   (1762, 783)
Action:     Left Click UI Restore
[23:32:20] [INFO] [RESUMED] Automation engine resumed.
[23:32:25] [INFO] 
Template:   standard_chest.png [STANDARD REWARD CHEST]
Confidence: 0.9315
Position:   (1750, 910)
Action:     Left Click Open Chest
[23:32:25] [WARNING] [PAUSED] Automation engine paused.
[23:32:25] [INFO] [RESUMED] Automation engine resumed.
[23:32:26] [INFO] Opened chest: standard_chest.png
[23:32:29] [WARNING] [PAUSED] Automation engine paused.
[23:37:49] [CRITICAL] UNRAISABLE EXCEPTION (Exception ignored on converting result of ctypes callback function): <function bad_proc at 0x000001DAA77A87C0>:
Traceback (most recent call last):
  File "<string>", line 33, in <module>
TypeError: 'c_longlong' object cannot be interpreted as an integer

[23:41:15] [WARNING] [STOPPED] Emergency Stop triggered!
[23:43:05] [INFO] Hotkeys armed (low-level hook). They fire only while TBH-Tool, the desktop, or TaskBarHero is focused — not in Chrome, Settings, or File Explorer. Run as Administrator if TaskBarHero still swallows shortcuts.
[23:43:05] [INFO] Windows Display Scaling: 1.00x (Standard 100% DPI).
[23:43:05] [INFO] Loading template assets...
[23:43:05] [INFO] Successfully cached 501 templates in memory.
[23:43:05] [INFO] TBH-Tool Automation Engine initialized (PVandAI). Screen Bounds: 1920x1080px. FailSafe=True
[23:46:58] [INFO] [+] PREPARING AUTOMATION: Please switch to your Game window in 3 seconds...
[23:46:58] [INFO]     Starting automation in: 3s...
[23:46:59] [INFO]     Starting automation in: 2s...
[23:47:00] [INFO]     Starting automation in: 1s...
[23:47:01] [INFO] [✓] Automation Engine Active!
[23:47:04] [INFO] 
Template:   boss_chest.png [BOSS REWARD CHEST]
Confidence: 0.8898
Position:   (1710, 911)
Action:     Left Click Open Boss Chest
[23:47:05] [INFO] Opened chest: boss_chest.png
[23:47:09] [INFO] [UI Safeguard] Opening STASH panel (conf=1.000)...
[23:47:09] [INFO] 
Template:   stash_tab_icon.png [OPEN STASH TAB]
Confidence: 1.0000
Position:   (1545, 783)
Action:     Left Click UI Restore
[23:47:10] [INFO] [UI Safeguard] Opening CUBE panel (conf=1.000)...
[23:47:10] [INFO] 
Template:   cube_tab_icon.png [OPEN CUBE TAB]
Confidence: 1.0000
Position:   (1762, 783)
Action:     Left Click UI Restore
[23:47:17] [INFO] 
Template:   boss_chest.png [BOSS REWARD CHEST]
Confidence: 0.9043
Position:   (1710, 911)
Action:     Left Click Open Boss Chest
[23:47:18] [INFO] Opened chest: boss_chest.png
[23:47:20] [WARNING] [PAUSED] Automation engine paused.
[23:47:21] [INFO] 
Template:   standard_chest.png [STANDARD REWARD CHEST]
Confidence: 0.9792
Position:   (1750, 910)
Action:     Left Click Open Chest
[23:47:22] [INFO] Opened chest: standard_chest.png
[23:47:38] [INFO] [Capture] Detected yellow slot frame (45x44px). Trimmed outer border -> Inner item crop: 41x40px.
[23:47:41] [INFO] [Capture] Detected yellow slot frame (43x45px). Trimmed outer border -> Inner item crop: 39x41px.
[23:47:51] [INFO] Loading template assets...
[23:47:51] [INFO] Successfully cached 501 templates in memory.
[23:47:51] [INFO] Reloaded 501 template assets into memory cache.
[23:48:31] [INFO] Configuration updated via Settings dialog.
[23:52:49] [WARNING] [STOPPED] Emergency Stop triggered!
[23:57:48] [INFO] Hotkeys armed (low-level hook). They fire only while TBH-Tool, the desktop, or TaskBarHero is focused — not in Chrome, Settings, or File Explorer. Run as Administrator if TaskBarHero still swallows shortcuts.
[23:57:48] [INFO] Windows Display Scaling: 1.00x (Standard 100% DPI).
[23:57:48] [INFO] Loading template assets...
[23:57:48] [INFO] Successfully cached 501 templates in memory.
[23:57:48] [INFO] TBH-Tool Automation Engine initialized (PVandAI). Screen Bounds: 1920x1080px. FailSafe=True
[23:57:48] [SYSTEM] TBH-Tool v2.0 Engine Initialized. Loaded 501 template assets.
[23:57:48] [SYSTEM] Hotkeys armed (F1 Start, F2 Measure, F3 Quick Capture, F4 Freeze Snipper, F5 Reload, Esc Stop). They work only while this tool, the desktop, or TaskBarHero is focused.
[23:58:03] [INFO] Configuration updated via Settings dialog.
[23:58:07] [SYSTEM] [+] PREPARING AUTOMATION: Please switch to your Game window in 3 seconds...
[23:58:07] [SYSTEM]     Starting automation in: 3s...
[23:58:08] [SYSTEM]     Starting automation in: 2s...
[23:58:09] [SYSTEM]     Starting automation in: 1s...
[23:58:10] [ACTION] [✓] Automation Engine Active!
[23:58:13] [DEBUG] [Inventory Scroll] DOWN x6 at (784, 561)
[23:58:14] [INFO] 
Template:   standard_chest.png [STANDARD REWARD CHEST]
Confidence: 0.9216
Position:   (1750, 910)
Action:     Left Click Open Chest
[23:58:15] [ACTION] Opened chest: standard_chest.png
[23:58:15] [INFO] [UI Safeguard] HERO tab CLOSED (conf=1.000) — opening...
[23:58:15] [INFO] 
Template:   hero_tab_closed.png [OPEN HERO TAB]
Confidence: 1.0000
Position:   (1901, 984)
Action:     Left Click UI Restore
[23:58:18] [INFO] [UI Safeguard] Opening STASH panel (conf=1.000)...
[23:58:18] [INFO] 
Template:   stash_tab_icon.png [OPEN STASH TAB]
Confidence: 1.0000
Position:   (1545, 783)
Action:     Left Click UI Restore
[23:58:19] [INFO] [UI Safeguard] Opening CUBE panel (conf=1.000)...
[23:58:19] [INFO] 
Template:   cube_tab_icon.png [OPEN CUBE TAB]
Confidence: 1.0000
Position:   (1762, 783)
Action:     Left Click UI Restore
[23:58:25] [DEBUG] [Inventory Scroll] DOWN x6 at (784, 561)
[23:58:28] [DEBUG] [Inventory Scroll] DOWN x6 at (784, 561)
[23:58:30] [WARN] [PAUSED] Automation engine paused.
[23:58:32] [DEBUG] [Inventory Scroll] DOWN x6 at (784, 561)
[23:58:32] [SYSTEM] [+] QUICK HOVER CAPTURE: capturing at current cursor position...
[23:58:39] [WARN] [STOPPED] Emergency Stop triggered!
[23:58:40] [INFO] Loading template assets...
[23:58:40] [INFO] Successfully cached 501 templates in memory.
[23:58:40] [INFO] Reloaded 501 template assets into memory cache.
[23:59:32] [SYSTEM] [✓] Measured & Saved INVENTORY_REGION: left=1133, top=543, width=371, height=158
[23:59:41] [SYSTEM] [✓] Measured & Saved GAME_REGION: left=718, top=285, width=1202, height=743
[23:59:45] [SYSTEM] [+] PREPARING AUTOMATION: Please switch to your Game window in 3 seconds...
[23:59:45] [SYSTEM]     Starting automation in: 3s...
[23:59:46] [SYSTEM]     Starting automation in: 2s...
[23:59:47] [SYSTEM]     Starting automation in: 1s...
[23:59:48] [ACTION] [✓] Automation Engine Active!
[23:59:51] [INFO] 
Template:   item_20260817_232714.png [Item to Sell]
Confidence: 1.0000
Position:   (1277, 554)
Action:     Alt + Right-Click
[23:59:51] [INFO] Sales Section Capacity: 1/3 slots filled.
[23:59:52] [ACTION] Placed for sale: item_20260817_232714.png [1/3]
[23:59:52] [INFO] 
Template:   boss_chest.png [BOSS REWARD CHEST]
Confidence: 0.9384
Position:   (1750, 911)
Action:     Left Click Open Boss Chest
[23:59:53] [ACTION] Opened chest: boss_chest.png
[00:00:00] [INFO] 
Template:   rune_scepter_immortal.png [Chest Stash]
Confidence: 0.9998
Position:   (1264, 573)
Action:     Ctrl + Right-Click
[00:00:00] [INFO] Stashed: rune_scepter_immortal.png (conf=1.00)
[00:00:04] [INFO] 
Template:   item_20260817_232714.png [Item to Sell]
Confidence: 1.0000
Position:   (1277, 554)
Action:     Alt + Right-Click
[00:00:04] [INFO] Sales Section Capacity: 2/3 slots filled.
[00:00:05] [ACTION] Placed for sale: item_20260817_232714.png [2/3]
[00:00:09] [INFO] 
Template:   item_20260817_232714.png [Item to Sell]
Confidence: 1.0000
Position:   (1277, 554)
Action:     Alt + Right-Click
[00:00:09] [INFO] Sales Section Capacity: 3/3 slots filled.
[00:00:09] [ACTION] Placed for sale: item_20260817_232714.png [3/3]
[00:00:13] [INFO] 
Template:   item_20260817_232714.png [Item to Sell]
Confidence: 1.0000
Position:   (1277, 554)
Action:     Alt + Right-Click
[00:00:13] [INFO] Sales Section Capacity: 3/3 slots filled.
[00:00:14] [ACTION] Placed for sale: item_20260817_232714.png [3/3]
[00:00:22] [INFO] 
Template:   item_20260817_232714.png [Item to Sell]
Confidence: 1.0000
Position:   (1277, 554)
Action:     Alt + Right-Click
[00:00:22] [INFO] Sales Section Capacity: 3/3 slots filled.
[00:00:23] [ACTION] Placed for sale: item_20260817_232714.png [3/3]
[00:00:27] [INFO] 
Template:   item_20260817_232714.png [Item to Sell]
Confidence: 1.0000
Position:   (1277, 554)
Action:     Alt + Right-Click
[00:00:27] [INFO] Sales Section Capacity: 3/3 slots filled.
[00:00:28] [ACTION] Placed for sale: item_20260817_232714.png [3/3]
[00:00:30] [WARN] [PAUSED] Automation engine paused.
[00:00:32] [INFO] 
Template:   item_20260817_232714.png [Item to Sell]
Confidence: 1.0000
Position:   (1277, 554)
Action:     Alt + Right-Click
[00:00:32] [INFO] Sales Section Capacity: 3/3 slots filled.
[00:00:32] [ACTION] Placed for sale: item_20260817_232714.png [3/3]
[00:02:06] [INFO] Loading template assets...
[00:02:08] [INFO] Successfully cached 501 templates in memory.
[00:02:08] [INFO] Reloaded 501 template assets into memory cache.
[00:02:17] [INFO] Loading template assets...
[00:02:17] [INFO] Successfully cached 501 templates in memory.
[00:02:17] [INFO] Reloaded 501 template assets into memory cache.
[00:02:20] [INFO] [RESUMED] Automation engine resumed.
[00:02:23] [INFO] 
Template:   item_20260817_232714.png [Item to Sell]
Confidence: 1.0000
Position:   (1277, 554)
Action:     Alt + Right-Click
[00:02:23] [INFO] Sales Section Capacity: 3/3 slots filled.
[00:02:23] [ACTION] Placed for sale: item_20260817_232714.png [3/3]
[00:02:24] [INFO] 
Template:   standard_chest.png [STANDARD REWARD CHEST]
Confidence: 0.9471
Position:   (1750, 910)
Action:     Left Click Open Chest
[00:02:25] [ACTION] Opened chest: standard_chest.png
[00:02:33] [INFO] 
Template:   item_20260817_232714.png [Item to Sell]
Confidence: 1.0000
Position:   (1277, 554)
Action:     Alt + Right-Click
[00:02:33] [INFO] Sales Section Capacity: 3/3 slots filled.
[00:02:33] [ACTION] Placed for sale: item_20260817_232714.png [3/3]
[00:02:34] [INFO] 
Template:   sell_button.png [CONFIRM BATCH SELL]
Confidence: 0.9369
Position:   (1779, 644)
Status:     Sales slots FULL (3/3)
Action:     Left Click Sell Button
[00:02:34] [INFO] Batch sale completed! Reset sales slots to 0.
[00:02:34] [ACTION] Clicked Batch Confirm Sell!
[00:02:39] [INFO] 
Template:   item_20260817_232714.png [Item to Sell]
Confidence: 1.0000
Position:   (1277, 554)
Action:     Alt + Right-Click
[00:02:39] [INFO] Sales Section Capacity: 1/3 slots filled.
[00:02:39] [ACTION] Placed for sale: item_20260817_232714.png [1/3]
[00:02:43] [WARN] [PAUSED] Automation engine paused.
[00:02:44] [INFO] 
Template:   item_20260817_232714.png [Item to Sell]
Confidence: 1.0000
Position:   (1277, 554)
Action:     Alt + Right-Click
[00:02:44] [INFO] Sales Section Capacity: 2/3 slots filled.
[00:02:44] [ACTION] Placed for sale: item_20260817_232714.png [2/3]
[00:03:40] [INFO] Loading template assets...
[00:03:40] [INFO] Successfully cached 494 templates in memory.
[00:03:40] [INFO] Reloaded 494 template assets into memory cache.
[00:03:41] [INFO] [RESUMED] Automation engine resumed.
[00:03:46] [INFO] 
Template:   rune_gloves_common-1.png [Item to Sell]
Confidence: 0.8590
Position:   (1215, 574)
Action:     Alt + Right-Click
[00:03:46] [INFO] Sales Section Capacity: 3/3 slots filled.
[00:03:46] [ACTION] Placed for sale: rune_gloves_common-1.png [3/3]
[00:03:46] [INFO] 
Template:   sell_button.png [CONFIRM BATCH SELL]
Confidence: 0.9369
Position:   (1779, 644)
Status:     Sales slots FULL (3/3)
Action:     Left Click Sell Button
[00:03:47] [INFO] Batch sale completed! Reset sales slots to 0.
[00:03:47] [ACTION] Clicked Batch Confirm Sell!
[00:03:57] [DEBUG] [Inventory Scroll] DOWN x6 at (1318, 622)
[00:04:02] [DEBUG] [Inventory Scroll] DOWN x6 at (1318, 622)
[00:04:03] [WARN] [PAUSED] Automation engine paused.
[00:04:07] [SYSTEM] [+] QUICK HOVER CAPTURE: capturing at current cursor position...
[00:04:08] [INFO] [Capture] Detected yellow slot frame (45x40px). Trimmed outer border -> Inner item crop: 41x36px.
[00:04:08] [DEBUG] [Inventory Scroll] DOWN x6 at (1318, 622)
[00:04:11] [SYSTEM] [+] QUICK HOVER CAPTURE: capturing at current cursor position...
[00:04:11] [INFO] [Capture] Detected yellow slot frame (45x45px). Trimmed outer border -> Inner item crop: 41x41px.
[00:05:18] [INFO] Configuration updated via Settings dialog.
[00:05:22] [INFO] [RESUMED] Automation engine resumed.
[00:05:26] [DEBUG] [Inventory Scroll] DOWN x250 at (1318, 622)
[00:05:27] [INFO] 
Template:   standard_chest.png [STANDARD REWARD CHEST]
Confidence: 0.9411
Position:   (1750, 910)
Action:     Left Click Open Chest
[00:05:27] [ACTION] Opened chest: standard_chest.png
[00:05:29] [WARN] [PAUSED] Automation engine paused.
[00:05:29] [INFO] [RESUMED] Automation engine resumed.
[00:05:34] [ERROR] Unhandled exception in AutomationWorker loop: dictionary changed size during iteration
Traceback (most recent call last):
  File "D:\Somethings\ToolTest\gui.py", line 796, in run
    inv_matches = self.vision.find_all_matches(
                  ^^^^^^^^^^^^^^^^^^^^^^^^^^^^^
  File "D:\Somethings\ToolTest\vision.py", line 324, in find_all_matches
    for name, (_, category) in self.template_cache.items():
                               ^^^^^^^^^^^^^^^^^^^^^^^^^^^
RuntimeError: dictionary changed size during iteration
[00:05:34] [INFO] Loading template assets...
[00:05:34] [ERROR] Unhandled exception in AutomationWorker loop: dictionary changed size during iteration
Traceback (most recent call last):
  File "D:\Somethings\ToolTest\gui.py", line 800, in run
    inv_matches = self.vision.find_all_matches(
                  ^^^^^^^^^^^^^^^^^^^^^^^^^^^^^
  File "D:\Somethings\ToolTest\vision.py", line 324, in find_all_matches
    for name, (_, category) in self.template_cache.items():
                               ^^^^^^^^^^^^^^^^^^^^^^^^^^^
RuntimeError: dictionary changed size during iteration
[00:05:34] [INFO] Successfully cached 494 templates in memory.
[00:05:34] [INFO] Reloaded 494 template assets into memory cache.
[00:05:38] [DEBUG] [Inventory Scroll] DOWN x250 at (1318, 622)
[00:05:42] [ERROR] Unhandled exception in AutomationWorker loop: dictionary changed size during iteration
Traceback (most recent call last):
  File "D:\Somethings\ToolTest\gui.py", line 796, in run
    inv_matches = self.vision.find_all_matches(
                  ^^^^^^^^^^^^^^^^^^^^^^^^^^^^^
  File "D:\Somethings\ToolTest\vision.py", line 324, in find_all_matches
    for name, (_, category) in self.template_cache.items():
                               ^^^^^^^^^^^^^^^^^^^^^^^^^^^
RuntimeError: dictionary changed size during iteration
[00:05:42] [INFO] Loading template assets...
[00:05:42] [ERROR] Unhandled exception in AutomationWorker loop: dictionary changed size during iteration
Traceback (most recent call last):
  File "D:\Somethings\ToolTest\gui.py", line 800, in run
    inv_matches = self.vision.find_all_matches(
                  ^^^^^^^^^^^^^^^^^^^^^^^^^^^^^
  File "D:\Somethings\ToolTest\vision.py", line 324, in find_all_matches
    for name, (_, category) in self.template_cache.items():
                               ^^^^^^^^^^^^^^^^^^^^^^^^^^^
RuntimeError: dictionary changed size during iteration
[00:05:42] [INFO] Successfully cached 494 templates in memory.
[00:05:42] [INFO] Reloaded 494 template assets into memory cache.
[00:05:43] [WARN] [PAUSED] Automation engine paused.
[00:05:44] [INFO] 
Template:   bronze_ingot.png [Chest Stash]
Confidence: 0.8842
Position:   (1214, 572)
Action:     Ctrl + Right-Click
[00:05:44] [INFO] Loading template assets...
[00:05:45] [INFO] Successfully cached 494 templates in memory.
[00:05:45] [INFO] Reloaded 494 template assets into memory cache.
[00:05:45] [INFO] Stashed: bronze_ingot.png (conf=0.88)
[00:05:46] [INFO] [RESUMED] Automation engine resumed.
[00:05:51] [WARN] [PAUSED] Automation engine paused.
[00:05:51] [INFO] [RESUMED] Automation engine resumed.
[00:05:55] [DEBUG] [Inventory Scroll] UP x1250 at (1318, 622)
[00:06:00] [DEBUG] [Inventory Scroll] DOWN x250 at (1318, 622)
[00:06:05] [DEBUG] [Inventory Scroll] DOWN x250 at (1318, 622)
[00:06:07] [WARN] [PAUSED] Automation engine paused.
[00:06:10] [SYSTEM] [+] QUICK HOVER CAPTURE: capturing at current cursor position...
[00:06:10] [INFO] [Capture] Detected yellow slot frame (45x40px). Trimmed outer border -> Inner item crop: 41x36px.
[00:06:56] [WARN] [STOPPED] Emergency Stop triggered!
[00:06:59] [SYSTEM] [+] QUICK HOVER CAPTURE: capturing at current cursor position...
[00:06:59] [INFO] [Capture] Detected yellow slot frame (45x45px). Trimmed outer border -> Inner item crop: 41x41px.
[00:07:01] [SYSTEM] [+] QUICK HOVER CAPTURE: capturing at current cursor position...
[00:07:02] [INFO] [Capture] Detected yellow slot frame (45x45px). Trimmed outer border -> Inner item crop: 41x41px.
[00:07:13] [INFO] [✓] Saved item template: templates/sell_items/elite_shield_common-1.png
[00:07:13] [INFO] Loading template assets...
[00:07:13] [INFO] Successfully cached 495 templates in memory.
[00:07:13] [INFO] Reloaded 495 template assets into memory cache.
[00:07:19] [SYSTEM] [+] PREPARING AUTOMATION: Please switch to your Game window in 3 seconds...
[00:07:19] [SYSTEM]     Starting automation in: 3s...
[00:07:20] [SYSTEM]     Starting automation in: 2s...
[00:07:21] [SYSTEM]     Starting automation in: 1s...
[00:07:22] [ACTION] [✓] Automation Engine Active!
[00:07:25] [INFO] 
Template:   elite_shield_common-1.png [Item to Sell]
Confidence: 0.9340
Position:   (1164, 572)
Action:     Alt + Right-Click
[00:07:26] [INFO] Sales Section Capacity: 1/3 slots filled.
[00:07:26] [ACTION] Placed for sale: elite_shield_common-1.png [1/3]
[00:07:35] [DEBUG] [Inventory Scroll] DOWN x250 at (1318, 622)
[00:07:40] [DEBUG] [Inventory Scroll] DOWN x250 at (1318, 622)
[00:07:46] [DEBUG] [Inventory Scroll] DOWN x250 at (1318, 622)
[00:07:55] [DEBUG] [Inventory Scroll] DOWN x250 at (1318, 622)
[00:08:01] [DEBUG] [Inventory Scroll] DOWN x250 at (1318, 622)
[00:08:06] [DEBUG] [Inventory Scroll] UP x1250 at (1318, 622)
[00:08:12] [INFO] [UI Safeguard] Opening STASH panel (conf=0.914)...
[00:08:12] [INFO] 
Template:   stash_tab_icon.png [OPEN STASH TAB]
Confidence: 0.9137
Position:   (1169, 783)
Action:     Left Click UI Restore
[00:08:13] [INFO] [UI Safeguard] Opening CUBE panel (conf=1.000)...
[00:08:13] [INFO] 
Template:   cube_tab_icon.png [OPEN CUBE TAB]
Confidence: 1.0000
Position:   (1386, 783)
Action:     Left Click UI Restore
[00:08:19] [INFO] 
Template:   elite_shield_common.png [Item to Sell]
Confidence: 0.9489
Position:   (1165, 571)
Action:     Alt + Right-Click
[00:08:20] [INFO] Sales Section Capacity: 2/3 slots filled.
[00:08:20] [ACTION] Placed for sale: elite_shield_common.png [2/3]
[00:08:25] [DEBUG] [Inventory Scroll] DOWN x250 at (1318, 622)
[00:08:31] [DEBUG] [Inventory Scroll] DOWN x250 at (1318, 622)
[00:08:36] [DEBUG] [Inventory Scroll] DOWN x250 at (1318, 622)
[00:08:45] [DEBUG] [Inventory Scroll] DOWN x250 at (1318, 622)
[00:08:51] [DEBUG] [Inventory Scroll] DOWN x250 at (1318, 622)
[00:08:56] [DEBUG] [Inventory Scroll] UP x1250 at (1318, 622)
[00:09:05] [DEBUG] [Inventory Scroll] DOWN x250 at (1318, 622)
[00:09:10] [DEBUG] [Inventory Scroll] DOWN x250 at (1318, 622)
[00:09:16] [DEBUG] [Inventory Scroll] DOWN x250 at (1318, 622)
[00:09:25] [DEBUG] [Inventory Scroll] DOWN x250 at (1318, 622)
[00:09:31] [DEBUG] [Inventory Scroll] DOWN x250 at (1318, 622)
[00:09:36] [DEBUG] [Inventory Scroll] UP x1250 at (1318, 622)
[00:09:46] [DEBUG] [Inventory Scroll] DOWN x250 at (1318, 622)
[00:09:52] [DEBUG] [Inventory Scroll] DOWN x250 at (1318, 622)
[00:09:57] [DEBUG] [Inventory Scroll] DOWN x250 at (1318, 622)
[00:10:00] [WARN] [PAUSED] Automation engine paused.
[00:10:14] [INFO] [RESUMED] Automation engine resumed.
[00:10:19] [DEBUG] [Inventory Scroll] DOWN x250 at (1318, 622)
[00:10:28] [DEBUG] [Inventory Scroll] DOWN x250 at (1318, 622)
[00:10:33] [DEBUG] [Inventory Scroll] UP x1250 at (1318, 622)
[00:10:39] [DEBUG] [Inventory Scroll] DOWN x250 at (1318, 622)
[00:10:42] [WARN] [PAUSED] Automation engine paused.
[00:13:27] [INFO] Configuration updated via Settings dialog.
[00:13:58] [WARN] [STOPPED] Emergency Stop triggered!
